// Vitest Snapshot v1, https://vitest.dev/guide/snapshot.html

exports[`generateMaze snapshots (seed 42, 13x25, app-style start/goal) > prims 1`] = `
"
#########################
#.....#...#...#.#..G..#.#
#####.#.#####.#.#.#####.#
#...#.....#.#.#.#.......#
#.#######.#.#.#.#.###.#.#
#.#.#.#.#...#.......#.#.#
#.#.#.#.###.#.#####.#####
#.........#.......#.....#
#.###.###.#.#.###.#.#.###
#.#...#.....#...#.#.#...#
#########.###.#######.###
#...S.....#.........#...#
#########################
"
`;

exports[`generateMaze snapshots (seed 42, 13x25, app-style start/goal) > recursive-division 1`] = `
"
#########################
#.......#...#.#....G..#.#
###.###.###.#.#.#.#.#.#.#
#...#...#...#.#.#.#.....#
###.###.#.###.#######.###
#...#.......#.....#.....#
###.#########.#.#####.#.#
#.#.........#.#...#.#.#.#
#.#.###.#.###.#.###.#.#.#
#.#...#.#.....#...#...#.#
#.##..#####.#.###.#.###.#
#...S...#...#.#.......#.#
#########################
"
`;

exports[`generateMaze snapshots (seed 42, 13x25, app-style start/goal) > recursive-division-thick 1`] = `
"
#########################
#.......##....##...G....#
#.......##....##....##..#
#.............##....##..#
#.......##....##....##..#
#.......##..........##..#
#.####..##....##........#
#.####..##....##........#
#.......##....##.######.#
#.......##....##.######.#
#.......##....##........#
#...S...##....##........#
#########################
"
`;
